../Core/Src/main.c:74:6:tmp_tx	24	static
../Core/Src/main.c:81:6:tmp_rx	16	static
../Core/Src/main.c:86:6:HAL_TIM_PeriodElapsedCallback	16	static
../Core/Src/main.c:96:5:main	8	static
../Core/Src/main.c:148:6:SystemClock_Config	96	static
../Core/Src/main.c:193:13:MX_RTC_Init	32	static
../Core/Src/main.c:256:13:MX_SPI1_Init	8	static
../Core/Src/main.c:296:13:MX_TIM1_Init	32	static
../Core/Src/main.c:342:13:MX_USART1_UART_Init	8	static
../Core/Src/main.c:377:13:MX_GPIO_Init	48	static
../Core/Src/main.c:419:6:Error_Handler	8	static,ignoring_inline_asm
